// Jest Snapshot v1, https://goo.gl/fbAQLP

exports[`<App /> should match its reference snapshot 1`] = `
<div
  className="memory"
>
  <GuessCount
    guesses={0}
  />
  <Clock
    guesses={0}
    won={false}
  />
  <Card
    card="😀"
    feedback="hidden"
    index={0}
    key="0"
    onclick={[Function]}
    won={false}
  />
  <Card
    card="🎉"
    feedback="hidden"
    index={1}
    key="1"
    onclick={[Function]}
    won={false}
  />
  <Card
    card="💖"
    feedback="hidden"
    index={2}
    key="2"
    onclick={[Function]}
    won={false}
  />
  <Card
    card="🥰"
    feedback="hidden"
    index={3}
    key="3"
    onclick={[Function]}
    won={false}
  />
  <Card
    card="🎀"
    feedback="hidden"
    index={4}
    key="4"
    onclick={[Function]}
    won={false}
  />
  <Card
    card="😎"
    feedback="hidden"
    index={5}
    key="5"
    onclick={[Function]}
    won={false}
  />
  <Card
    card="🌼"
    feedback="hidden"
    index={6}
    key="6"
    onclick={[Function]}
    won={false}
  />
  <Card
    card="🧁"
    feedback="hidden"
    index={7}
    key="7"
    onclick={[Function]}
    won={false}
  />
  <Card
    card="😇"
    feedback="hidden"
    index={8}
    key="8"
    onclick={[Function]}
    won={false}
  />
  <Card
    card="🍀"
    feedback="hidden"
    index={9}
    key="9"
    onclick={[Function]}
    won={false}
  />
  <Card
    card="🍩"
    feedback="hidden"
    index={10}
    key="10"
    onclick={[Function]}
    won={false}
  />
  <Card
    card="🍑"
    feedback="hidden"
    index={11}
    key="11"
    onclick={[Function]}
    won={false}
  />
  <Card
    card="🥳"
    feedback="hidden"
    index={12}
    key="12"
    onclick={[Function]}
    won={false}
  />
  <Card
    card="🦋"
    feedback="hidden"
    index={13}
    key="13"
    onclick={[Function]}
    won={false}
  />
  <Card
    card="💩"
    feedback="hidden"
    index={14}
    key="14"
    onclick={[Function]}
    won={false}
  />
  <Card
    card="🧚"
    feedback="hidden"
    index={15}
    key="15"
    onclick={[Function]}
    won={false}
  />
  <Card
    card="‍"
    feedback="hidden"
    index={16}
    key="16"
    onclick={[Function]}
    won={false}
  />
  <Card
    card="♀"
    feedback="hidden"
    index={17}
    key="17"
    onclick={[Function]}
    won={false}
  />
  <Card
    card="️"
    feedback="hidden"
    index={18}
    key="18"
    onclick={[Function]}
    won={false}
  />
  <Card
    card="💍"
    feedback="hidden"
    index={19}
    key="19"
    onclick={[Function]}
    won={false}
  />
  <Card
    card="🐬"
    feedback="hidden"
    index={20}
    key="20"
    onclick={[Function]}
    won={false}
  />
  <Card
    card="👑"
    feedback="hidden"
    index={21}
    key="21"
    onclick={[Function]}
    won={false}
  />
  <Card
    card="🍄"
    feedback="hidden"
    index={22}
    key="22"
    onclick={[Function]}
    won={false}
  />
  <Card
    card="🌸"
    feedback="hidden"
    index={23}
    key="23"
    onclick={[Function]}
    won={false}
  />
  <Card
    card="🍔"
    feedback="hidden"
    index={24}
    key="24"
    onclick={[Function]}
    won={false}
  />
  <Card
    card="😀"
    feedback="hidden"
    index={25}
    key="25"
    onclick={[Function]}
    won={false}
  />
  <Card
    card="🎉"
    feedback="hidden"
    index={26}
    key="26"
    onclick={[Function]}
    won={false}
  />
  <Card
    card="💖"
    feedback="hidden"
    index={27}
    key="27"
    onclick={[Function]}
    won={false}
  />
  <Card
    card="🥰"
    feedback="hidden"
    index={28}
    key="28"
    onclick={[Function]}
    won={false}
  />
  <Card
    card="🎀"
    feedback="hidden"
    index={29}
    key="29"
    onclick={[Function]}
    won={false}
  />
  <Card
    card="😎"
    feedback="hidden"
    index={30}
    key="30"
    onclick={[Function]}
    won={false}
  />
  <Card
    card="🌼"
    feedback="hidden"
    index={31}
    key="31"
    onclick={[Function]}
    won={false}
  />
  <Card
    card="🧁"
    feedback="hidden"
    index={32}
    key="32"
    onclick={[Function]}
    won={false}
  />
  <Card
    card="😇"
    feedback="hidden"
    index={33}
    key="33"
    onclick={[Function]}
    won={false}
  />
  <Card
    card="🍀"
    feedback="hidden"
    index={34}
    key="34"
    onclick={[Function]}
    won={false}
  />
  <Card
    card="🍩"
    feedback="hidden"
    index={35}
    key="35"
    onclick={[Function]}
    won={false}
  />
  <Card
    card="🍑"
    feedback="hidden"
    index={36}
    key="36"
    onclick={[Function]}
    won={false}
  />
  <Card
    card="🥳"
    feedback="hidden"
    index={37}
    key="37"
    onclick={[Function]}
    won={false}
  />
  <Card
    card="🦋"
    feedback="hidden"
    index={38}
    key="38"
    onclick={[Function]}
    won={false}
  />
  <Card
    card="💩"
    feedback="hidden"
    index={39}
    key="39"
    onclick={[Function]}
    won={false}
  />
  <Card
    card="🧚"
    feedback="hidden"
    index={40}
    key="40"
    onclick={[Function]}
    won={false}
  />
  <Card
    card="‍"
    feedback="hidden"
    index={41}
    key="41"
    onclick={[Function]}
    won={false}
  />
  <Card
    card="♀"
    feedback="hidden"
    index={42}
    key="42"
    onclick={[Function]}
    won={false}
  />
  <Card
    card="️"
    feedback="hidden"
    index={43}
    key="43"
    onclick={[Function]}
    won={false}
  />
  <Card
    card="💍"
    feedback="hidden"
    index={44}
    key="44"
    onclick={[Function]}
    won={false}
  />
  <Card
    card="🐬"
    feedback="hidden"
    index={45}
    key="45"
    onclick={[Function]}
    won={false}
  />
  <Card
    card="👑"
    feedback="hidden"
    index={46}
    key="46"
    onclick={[Function]}
    won={false}
  />
  <Card
    card="🍄"
    feedback="hidden"
    index={47}
    key="47"
    onclick={[Function]}
    won={false}
  />
  <Card
    card="🌸"
    feedback="hidden"
    index={48}
    key="48"
    onclick={[Function]}
    won={false}
  />
  <Card
    card="🍔"
    feedback="hidden"
    index={49}
    key="49"
    onclick={[Function]}
    won={false}
  />
</div>
`;
